// Jest Snapshot v1, https://goo.gl/fbAQLP

exports[`Basic Test 1`] = `
Object {
  "bail": false,
  "context": "<PROJECT_ROOT>",
  "devtool": false,
  "entry": Object {
    "main": Array [
      "<PROJECT_ROOT>/src/index.js",
    ],
    "polyfill": "<PROJECT_ROOT>/polyfill/index.js",
    "vendor": Array [
      "<PROJECT_ROOT>/node_modules/react",
      "<PROJECT_ROOT>/node_modules/react-dom",
    ],
  },
  "mode": "development",
  "module": Object {
    "rules": Array [
      Object {
        "oneOf": Array [
          Object {
            "test": /\\\\\\.less\\$/,
            "use": Array [
              "css-loader",
              "less-loader",
            ],
          },
          Object {
            "exclude": Array [
              /\\[\\\\/\\\\\\\\\\\\\\\\\\]node_modules\\[\\\\/\\\\\\\\\\\\\\\\\\]/,
            ],
            "loader": "<PROJECT_ROOT>/node_modules/babel-loader/lib/index.js",
            "options": Object {
              "babelrc": false,
              "cacheCompression": false,
              "cacheDirectory": true,
              "cacheIdentifier": "{\\"babel-loader\\":\\"8.0.2\\",\\"@babel/core\\":\\"7.1.2\\",\\"babelConfig\\":\\"\\",\\"env\\":\\"test\\",\\"browserslist\\":[\\"and_chr 67\\",\\"and_uc 11.8\\",\\"android 4.4.3-4.4.4\\",\\"android 4.4\\",\\"chrome 68\\",\\"chrome 67\\",\\"chrome 66\\",\\"chrome 65\\",\\"chrome 63\\",\\"chrome 55\\",\\"chrome 49\\",\\"chrome 29\\",\\"edge 17\\",\\"edge 16\\",\\"firefox 61\\",\\"firefox 60\\",\\"firefox 52\\",\\"ie 11\\",\\"ios_saf 11.3-11.4\\",\\"ios_saf 11.0-11.2\\",\\"ios_saf 10.3\\",\\"ios_saf 10.0-10.2\\",\\"ios_saf 9.3\\",\\"opera 53\\",\\"safari 11.1\\",\\"safari 11\\",\\"safari 10.1\\",\\"samsung 6.2\\",\\"samsung 4\\"]}",
              "compact": false,
              "configFile": false,
              "presets": Array [
                [Function],
              ],
            },
            "test": /\\\\\\.jsx\\?\\$/,
          },
          Object {
            "exclude": /@babel\\(\\?:\\\\/\\|\\\\\\\\\\{1,2\\}\\)runtime/,
            "loader": "<PROJECT_ROOT>/node_modules/babel-loader/lib/index.js",
            "options": Object {
              "babelrc": false,
              "cacheCompression": false,
              "cacheDirectory": true,
              "cacheIdentifier": "{\\"babel-loader\\":\\"8.0.2\\",\\"@babel/core\\":\\"7.1.2\\",\\"babelConfig\\":\\"\\",\\"env\\":\\"test\\",\\"browserslist\\":[\\"and_chr 67\\",\\"and_uc 11.8\\",\\"android 4.4.3-4.4.4\\",\\"android 4.4\\",\\"chrome 68\\",\\"chrome 67\\",\\"chrome 66\\",\\"chrome 65\\",\\"chrome 63\\",\\"chrome 55\\",\\"chrome 49\\",\\"chrome 29\\",\\"edge 17\\",\\"edge 16\\",\\"firefox 61\\",\\"firefox 60\\",\\"firefox 52\\",\\"ie 11\\",\\"ios_saf 11.3-11.4\\",\\"ios_saf 11.0-11.2\\",\\"ios_saf 10.3\\",\\"ios_saf 10.0-10.2\\",\\"ios_saf 9.3\\",\\"opera 53\\",\\"safari 11.1\\",\\"safari 11\\",\\"safari 10.1\\",\\"samsung 6.2\\",\\"samsung 4\\"]}",
              "compact": false,
              "configFile": false,
              "presets": Array [
                Array [
                  [Function],
                  Object {
                    "override": [Function],
                  },
                ],
              ],
              "sourceMaps": false,
              "sourceType": "unambiguous",
            },
            "test": /\\\\\\.js\\$/,
          },
          Object {
            "test": /\\\\\\.css\\$/,
            "use": Array [
              "<PROJECT_ROOT>/node_modules/style-loader/index.js",
              Object {
                "loader": "<PROJECT_ROOT>/node_modules/css-loader/index.js",
                "options": Object {
                  "importLoaders": 1,
                  "sourceMap": true,
                },
              },
              Object {
                "loader": "<PROJECT_ROOT>/node_modules/postcss-loader/lib/index.js",
                "options": Object {
                  "ident": "postcss",
                  "plugins": Array [
                    [Function],
                  ],
                },
              },
            ],
          },
          Object {
            "issuer": /\\\\\\.\\(js\\|jsx\\)\\$/,
            "test": /\\\\\\.svg\\$/,
            "use": Object {
              "loader": "@mapbox/svg-react-transformer-loader",
              "options": Object {
                "template": "fancy",
              },
            },
          },
          Object {
            "exclude": Array [
              /\\\\\\.\\(js\\|jsx\\)\\$/,
              /\\\\\\.template\\$/,
              /\\\\\\.json\\$/,
              /\\\\\\.ejs\\$/,
            ],
            "loader": "<PROJECT_ROOT>/node_modules/file-loader/dist/cjs.js",
            "options": Object {
              "name": "cacheable-things/media/[name].[hash:8].[ext]",
            },
          },
        ],
      },
    ],
  },
  "node": Object {
    "child_process": "empty",
    "dgram": "empty",
    "fs": "empty",
    "net": "empty",
    "tls": "empty",
  },
  "optimization": Object {
    "minimizer": Array [
      TerserPlugin {
        "options": Object {
          "cache": true,
          "cacheKeys": [Function],
          "exclude": undefined,
          "extractComments": false,
          "include": undefined,
          "minify": undefined,
          "parallel": true,
          "sourceMap": true,
          "terserOptions": Object {
            "compress": Object {
              "comparisons": false,
              "ecma": 5,
              "inline": 2,
              "warnings": false,
            },
            "mangle": Object {
              "safari10": true,
            },
            "output": Object {
              "ascii_only": true,
              "comments": false,
              "ecma": 5,
            },
            "parse": Object {
              "ecma": 8,
            },
          },
          "test": /\\\\\\.js\\(\\\\\\?\\.\\*\\)\\?\\$/i,
          "warningsFilter": [Function],
        },
      },
    ],
    "runtimeChunk": "single",
    "splitChunks": Object {
      "cacheGroups": Object {
        "vendor": Object {
          "chunks": "initial",
          "enforce": true,
          "name": "vendor",
          "test": "vendor",
        },
      },
    },
  },
  "output": Object {
    "chunkFilename": "cacheable-things/js/[name].chunk.js",
    "filename": "cacheable-things/js/[name].js",
    "path": "<PROJECT_ROOT>/_site",
    "publicPath": "/fancy/",
  },
  "performance": false,
  "plugins": Array [
    AssetsWebpackPlugin {
      "options": Object {
        "filename": "assets.json",
        "fullPath": true,
        "manifestFirst": true,
        "path": "<PROJECT_ROOT>/_site",
        "prettyPrint": false,
        "processOutput": [Function],
        "update": false,
      },
      "writer": [Function],
    },
    EnvironmentPlugin {
      "defaultValues": Object {
        "DEPLOY_ENV": "development",
        "NODE_ENV": "test",
      },
      "keys": Array [
        "NODE_ENV",
        "DEPLOY_ENV",
      ],
    },
    MiniCssExtractPlugin {
      "options": Object {
        "chunkFilename": "cacheable-things/css/[name]-[contenthash:8].chunk.css",
        "filename": "cacheable-things/css/[name]-[contenthash:8].css",
      },
    },
    HtmlWebpackPlugin {
      "options": Object {
        "cache": true,
        "chunks": "all",
        "chunksSortMode": "auto",
        "compile": true,
        "excludeChunks": Array [
          "polyfill",
          "runtime",
        ],
        "favicon": false,
        "filename": "index.html",
        "hash": false,
        "inject": true,
        "meta": Object {},
        "minify": Object {},
        "showErrors": true,
        "template": "<PROJECT_ROOT>/node_modules/html-webpack-plugin/default_index.ejs",
        "templateContent": [Function],
        "templateParameters": [Function],
        "title": "Webpack App",
        "xhtml": false,
      },
    },
    [Function],
    ExcludeChunksPlugin {
      "excludeChunks": Array [
        "runtime",
      ],
    },
  ],
  "resolve": Object {
    "alias": Object {
      "@babel/runtime": "<PROJECT_ROOT>/node_modules/@babel/runtime",
    },
  },
  "resolveLoader": Object {
    "modules": Array [
      "<PROJECT_ROOT>/node_modules",
      "node_modules",
    ],
  },
}
`;
